[    3004ms] [INFO] %cDownload the React DevTools for a better development experience: https://react.dev/link/react-devtools font-weight:bold @ webpack-internal:///(app-pages-browser)/./node_modules/next/dist/compiled/react-dom/cjs/react-dom-client.development.js:25630
[    3039ms] [WARNING] %c%s%c  ⚠ metadataBase property in metadata export is not set for resolving social open graph or twitter images, using "http://localhost:3000". See https://nextjs.org/docs/app/api-reference/functions/generate-metadata#metadatabase background: #e6e6e6;background: light-dark(rgba(0,0,0,0.1), rgba(255,255,255,0.25));color: #000000;color: light-dark(#000000, #ffffff);border-radius: 2px  Server   @ webpack-internal:///(app-pages-browser)/./node_modules/next/dist/compiled/react-server-dom-webpack/cjs/react-server-dom-webpack-client.browser.development.js:3484
[    3063ms] [WARNING] Image with src "/images/hero.jpg" is using quality "90" which is not configured in images.qualities. This config will be required starting in Next.js 16.
Read more: https://nextjs.org/docs/messages/next-image-unconfigured-qualities @ webpack-internal:///(app-pages-browser)/./node_modules/next/dist/shared/lib/utils/warn-once.js:15
[    3102ms] [ERROR] A tree hydrated but some attributes of the server rendered HTML didn't match the client properties. This won't be patched up. This can happen if a SSR-ed Client Component used:

- A server/client branch `if (typeof window !== 'undefined')`.
- Variable input such as `Date.now()` or `Math.random()` which changes each time it's called.
- Date formatting in a user's locale which doesn't match the server.
- External changing data without sending a snapshot of it along with the HTML.
- Invalid HTML tag nesting.

It can also happen if the client has a browser extension installed which messes with the HTML before React loaded.

%s%s https://react.dev/link/hydration-mismatch 

  ...
    <SegmentViewNode type="page" pagePath="page.tsx">
      <SegmentTrieNode>
      <Home>
        <IntroAnimation>
        <Home>
          <main className="bg-black" id="main-content">
            <Navbar>
            <Hero>
            <LoadableComponent>
              <PreloadChunks>
              <LoadableComponent>
                <ScrollStory>
                  ...
                    <div ref={{current:null}} className="building-r..." aria-hidden="true">
                      <div className="building-i...">
                        <div className="absolute i...">
                          <BuildingSilhouette>
                            <div className="relative w...">
                              <div className="absolute b...">
                                <div>
                                <div className="absolute i...">
                                  <div
                                    className="bg-gold/10 rounded-sm"
+                                   style={{opacity:0.4094341129536391}}
-                                   style={{opacity:"0.05"}}
                                  >
                                  <div
                                    className="bg-gold/10 rounded-sm"
+                                   style={{opacity:0.33934031784367985}}
-                                   style={{opacity:"0.05"}}
                                  >
                                  <div>
                                  <div
                                    className="bg-gold/10 rounded-sm"
+                                   style={{opacity:0.05}}
-                                   style={{opacity:"0.347055"}}
                                  >
                                  <div
                                    className="bg-gold/10 rounded-sm"
+                                   style={{opacity:0.05}}
-                                   style={{opacity:"0.366837"}}
                                  >
                                  <div
                                    className="bg-gold/10 rounded-sm"
+                                   style={{opacity:0.05}}
-                                   style={{opacity:"0.437899"}}
                                  >
                                  <div
                                    className="bg-gold/10 rounded-sm"
+                                   style={{opacity:0.6410879813408576}}
-                                   style={{opacity:"0.323571"}}
                                  >
                                  <div>
                                  <div
                                    className="bg-gold/10 rounded-sm"
+                                   style={{opacity:0.05}}
-                                   style={{opacity:"0.353607"}}
                                  >
                                  <div
                                    className="bg-gold/10 rounded-sm"
+                                   style={{opacity:0.6990231202851529}}
-                                   style={{opacity:"0.668974"}}
                                  >
                                  <div>
                                  <div>
                                  <div
                                    className="bg-gold/10 rounded-sm"
+                                   style={{opacity:0.3061005271879538}}
-                                   style={{opacity:"0.515167"}}
                                  >
                                  <div
                                    className="bg-gold/10 rounded-sm"
+                                   style={{opacity:0.6260937593830693}}
-                                   style={{opacity:"0.59334"}}
                                  >
                                  <div
                                    className="bg-gold/10 rounded-sm"
+                                   style={{opacity:0.3487741879531508}}
-                                   style={{opacity:"0.381364"}}
                                  >
                                  <div
                                    className="bg-gold/10 rounded-sm"
+                                   style={{opacity:0.6064231295983866}}
-                                   style={{opacity:"0.409555"}}
                                  >
                                  <div
                                    className="bg-gold/10 rounded-sm"
+                                   style={{opacity:0.4922860956360748}}
-                                   style={{opacity:"0.643419"}}
                                  >
                                  <div
                                    className="bg-gold/10 rounded-sm"
+                                   style={{opacity:0.05}}
-                                   style={{opacity:"0.475834"}}
                                  >
                                  <div
                                    className="bg-gold/10 rounded-sm"
+                                   style={{opacity:0.05}}
-                                   style={{opacity:"0.495141"}}
                                  >
                                  <div
                                    className="bg-gold/10 rounded-sm"
+                                   style={{opacity:0.05}}
-                                   style={{opacity:"0.397587"}}
                                  >
                                  <div>
                                  <div
                                    className="bg-gold/10 rounded-sm"
+                                   style={{opacity:0.05}}
-                                   style={{opacity:"0.434461"}}
                                  >
                                  <div
                                    className="bg-gold/10 rounded-sm"
+                                   style={{opacity:0.3207640256783291}}
-                                   style={{opacity:"0.44732"}}
                                  >
                                  <div>
                                  <div
                                    className="bg-gold/10 rounded-sm"
+                                   style={{opacity:0.6316598040198547}}
-                                   style={{opacity:"0.05"}}
                                  >
                                  <div>
                                  <div>
                                  <div
                                    className="bg-gold/10 rounded-sm"
+                                   style={{opacity:0.4295367184209592}}
-                                   style={{opacity:"0.05"}}
                                  >
                                  <div
                                    className="bg-gold/10 rounded-sm"
+                                   style={{opacity:0.601571992661257}}
-                                   style={{opacity:"0.481274"}}
                                  >
                                  <div>
                                  <div>
                                  <div
                                    className="bg-gold/10 rounded-sm"
+                                   style={{opacity:0.05}}
-                                   style={{opacity:"0.610154"}}
                                  >
                                  <div
                                    className="bg-gold/10 rounded-sm"
+                                   style={{opacity:0.5047546575076267}}
-                                   style={{opacity:"0.05"}}
                                  >
                                  <div
                                    className="bg-gold/10 rounded-sm"
+                                   style={{opacity:0.05}}
-                                   style={{opacity:"0.688008"}}
                                  >
                                  <div>
                                  <div
                                    className="bg-gold/10 rounded-sm"
+                                   style={{opacity:0.4552551130285588}}
-                                   style={{opacity:"0.05"}}
                                  >
                                  <div>
                                  <div
                                    className="bg-gold/10 rounded-sm"
+                                   style={{opacity:0.6391818602094173}}
-                                   style={{opacity:"0.05"}}
                                  >
                                  <div
                                    className="bg-gold/10 rounded-sm"
+                                   style={{opacity:0.4851556909677787}}
-                                   style={{opacity:"0.397993"}}
                                  >
                                  <div
                                    className="bg-gold/10 rounded-sm"
+                                   style={{opacity:0.49457823765358117}}
-                                   style={{opacity:"0.320047"}}
                                  >
                                  <div
                                    className="bg-gold/10 rounded-sm"
+                                   style={{opacity:0.6775148658545589}}
-                                   style={{opacity:"0.05"}}
                                  >
                                  <div>
                                  <div
                                    className="bg-gold/10 rounded-sm"
+                                   style={{opacity:0.3955389933240394}}
-                                   style={{opacity:"0.05"}}
                                  >
                                  <div
                                    className="bg-gold/10 rounded-sm"
+                                   style={{opacity:0.6976821653241445}}
-                                   style={{opacity:"0.05"}}
                                  >
                                  <div
                                    className="bg-gold/10 rounded-sm"
+                                   style={{opacity:0.05}}
-                                   style={{opacity:"0.423899"}}
                                  >
                                  <div
                                    className="bg-gold/10 rounded-sm"
+                                   style={{opacity:0.41530297513590125}}
-                                   style={{opacity:"0.435825"}}
                                  >
                                  <div>
                                  <div
                                    className="bg-gold/10 rounded-sm"
+                                   style={{opacity:0.32793339410461825}}
-                                   style={{opacity:"0.05"}}
                                  >
                                ...
                              ...
                        ...
                      ...
            ...
    ...
 @ webpack-internal:///(app-pages-browser)/./node_modules/next/dist/next-devtools/userspace/app/errors/intercept-console-error.js:56
